CI Type Coverage Review — 2026-07-27
====================================

PR branch: dependabot/npm_and_yarn/npm-dependencies-cc16be1ad6
Change: bump the npm-dependencies group (5 updates):
  - three                   0.184.0 → 0.185.1
  - @types/three            0.184.1 → 0.185.1
  - @types/node             26.0.0  → 26.1.1
  - @vscode/test-electron   3.0.0   → 3.1.0
  - typescript              6.0.3   → 7.0.2

Reviewer comment (github-actions[bot], 2026-07-26T23:05:21Z):
  Type Coverage report via `type-coverage --strict`
  | Metric          | Base | PR | Delta |
  | Type coverage   | —    | —  | —     |
  | Typed symbols   | —    | —  | —     |
  | Untyped symbols | —    | —  | —     |

  (All cells dashed — CI measure step did not emit a parseable
  "(covered / total) pct%" line for base or PR. Bot comment is
  informational only; dashes do not indicate a coverage regression.)

Assessment:
  The dependency bump does not change application source. Local
  re-measure with `type-coverage --strict` recovers full numbers on
  both main (base) and this PR branch. Coverage is identical:

    Base (main, TypeScript 6.0.3):  (13734 / 13791) 99.58%
    PR   (this branch, TS 7.0.2):  (13734 / 13791) 99.58%
    Delta: 0 typed, 0 untyped, 0.00% coverage

  No new untyped symbols. No application source changes required.

Local re-measure (this session, 2026-07-27):
  $ npm install
  $ npx -y type-coverage@2 --strict
  → (13734 / 13791) 99.58%
  → type-coverage success.

  Base clone (main @ TypeScript 6.0.3):
  $ npx -y type-coverage@2 --strict
  → (13734 / 13791) 99.58%
  → type-coverage success.

Build status:
  $ npm run compile
  typecheck: tsc --noEmit -p tsconfig.json && tsc --noEmit -p tsconfig.test.json
  → PASSED (0 errors) under TypeScript 7.0.2
  esbuild: dist/extension.js, dist/webview.js
  → PASSED

  $ npm run compile-tests
  → PASSED

Test suite:
  $ npx mocha --ui tdd --reporter spec "out/test/unit/**/*.test.js"
  → 49 passing (110ms)

  Suites:
    classification (2 tests)
    filterState (3 tests)
    githubSourceConfig (5 tests)
    lightRagClient (2 tests)
    localSkillDiscovery (1 test)
    projectSkillConfig (3 tests)
    riskAnalysis (14 tests)
    riskScore (11 tests)
    skillKnowledgeBase (3 tests)
    skillParser (1 test)
    sourceSearch (3 tests)

Conclusion:
  CI type-coverage table was empty (dashes) due to a measurement/parse
  failure in the bot job, not a real coverage drop. Local re-measure
  confirms 99.58% on base and PR with zero delta. Compile clean under
  TypeScript 7.0.2. All 49 unit tests pass. No application source code
  changes needed for this review item.

README:
  Changelog entry under "## Changelog" documents this assessment for humans
  (2026-07-27 — CI type-coverage review: no action required).
